# Fix print output for fix thermo_out
0 358.653525257495 -2680.9938606463 822.121007035156 -1858.87285361114 -1277.52725248454 9063.19049536116 1.1883886294488
1000 363.642314831901 -2999.52002913689 833.556524658613 -2165.96350447828 4477.00113629168 9197.2169686865 1.17107083239267
2000 349.116159456242 -3064.13045451447 800.259047721193 -2263.87140679327 1352.26438785229 9135.62280329347 1.17896642222715
3000 351.703933129841 -2735.6280092908 806.190853624929 -1929.43715566588 3313.17684257778 9151.53980046631 1.17691588148553
4000 334.233662966423 -2893.16485994107 766.144750384725 -2127.02010955634 4728.3359017803 8989.16237761534 1.19817532254578
5000 350.899692559506 -3086.90723735488 804.347338864806 -2282.55989849007 -56.5960822485487 9119.75961503524 1.18101715241033
6000 346.432776532543 -3385.50555924418 794.108082190021 -2591.39747705416 -3288.9470468602 9053.48031286695 1.18966321889587
7000 370.619184295632 -3277.25737200243 849.54920434957 -2427.70816765286 -2469.04841281806 8937.47844526453 1.20510416860613
8000 362.244336277369 -3241.96013123172 830.352018202862 -2411.60811302886 -3118.77739121524 8913.32717858657 1.20836948037664
9000 368.253988988159 -3237.79261659639 844.127602131612 -2393.66501446478 444.951901764054 9005.01843006797 1.19606557330881
10000 354.721147463011 -3382.82160914278 813.107041843756 -2569.71456729902 -4889.66608445602 8895.31133461909 1.21081681416796
11000 353.49166971094 -3037.51261409955 810.288780160885 -2227.22383393866 -1244.53570433966 9165.58123889175 1.17511287614947
12000 356.200032262603 -3346.89752264881 816.497005067615 -2530.4005175812 5295.51124432041 8906.20530410136 1.20933575675105
13000 343.899121925967 -3392.09738555548 788.300330334962 -2603.79705522052 -2793.44562174499 8882.1080152637 1.21261670233087
14000 367.576519193846 -3371.6714332672 842.57467678636 -2529.09675648084 -1086.25712243952 9083.15744959289 1.18577626678688
15000 337.781199146845 -3047.72758887666 774.276565107718 -2273.45102376895 -1120.65382388488 8936.83306956423 1.20519119551383
16000 381.173353729436 -3097.93063585203 873.741924599869 -2224.18871125216 1799.54766374158 9007.00036310249 1.1958023867011
17000 354.611743314052 -3163.65187110353 812.856260956963 -2350.79561014657 -628.462762767978 9274.75919227965 1.16128001901992
18000 345.116388895255 -3185.2946405096 791.090601937348 -2394.20403857226 -2581.23548553067 9034.22422539127 1.19219893844833
19000 352.025605973495 -3003.52700340323 806.92820592607 -2196.59879747716 309.10296314252 9093.55877898498 1.1844199606546
20000 348.509556038886 -3022.22705422252 798.868565327385 -2223.35848889513 -469.709941555491 9206.92258984536 1.16983632979547
21000 344.138179246736 -2831.07259984294 788.84830778799 -2042.22429205495 1421.94513563168 9228.30658796881 1.1671255639965
22000 350.137431831026 -3201.11051993304 802.600052100314 -2398.51046783273 -2277.08291975832 8993.15693241191 1.19764312044837
23000 381.587369997806 -2840.08171132145 874.690950463304 -1965.39076085815 -879.381126069097 9238.26788745005 1.16586709353246
24000 355.757242066112 -2726.56932278456 815.48202237092 -1911.08730041364 455.673644018788 8994.47985859863 1.19746696868959
25000 360.944942133832 -2747.81682289607 827.373491166071 -1920.44333172999 1320.13260998268 9020.38778304654 1.19402766158885
26000 352.577267280534 -3262.11364576964 808.19274765603 -2453.92089811361 889.441808596549 8937.93459155068 1.20504266627745
27000 345.469478316197 -2814.19430734931 791.899968665614 -2022.2943386837 2579.34522488271 9051.65025476595 1.18990374440778
28000 343.410960531324 -3303.54910380735 787.18134583015 -2516.3677579772 478.474163241369 9202.89974773727 1.17034769762257
29000 347.484851444764 -3340.07477795321 796.519693467759 -2543.55508448545 -170.266313152337 9149.37331755251 1.17719456375804
30000 355.922505033861 -3150.25200610115 815.860845240077 -2334.39116086107 1248.97887943086 9019.44058249697 1.19415305558052
31000 354.889059633115 -2948.01943648099 813.491937328277 -2134.52749915272 1070.54285186936 9122.42328633459 1.1806723052799
32000 351.993490623475 -3104.7007715667 806.854589742092 -2297.84618182461 -2112.91763092365 8980.19956827441 1.19937117759236
33000 336.33216915061 -2884.64277701716 770.955036345734 -2113.68774067143 770.224511825042 9056.71504168664 1.18923831451474
34000 353.763331693656 -3251.08262146809 810.911495419695 -2440.1711260484 448.221504366864 8898.65378556875 1.21036201550876
35000 356.302282991 -3095.5999963038 816.73138857671 -2278.86860772709 -681.003982443754 8946.63177832641 1.2038712219394
36000 364.693813183796 -3362.5160696867 835.966814320021 -2526.54925536668 2187.66711996814 8884.08713450677 1.21234656618591
37000 342.425660495508 -3366.83114083376 784.922798790649 -2581.90834204311 -2236.81567249266 8910.30791183668 1.20877893758393
38000 347.154180513033 -3357.72682365597 795.761715362854 -2561.96510829311 -887.766793384513 8954.79034340915 1.20277439428194
39000 353.324650996487 -3256.96686183241 809.905932693761 -2447.06092913865 -449.485379851456 8824.96816418038 1.22046814570192
40000 346.476739917381 -3153.36460193217 794.208856948026 -2359.15574498414 -504.853616648594 8971.77121336147 1.20049790337668
41000 340.396073680806 -3192.36515805291 780.270492766973 -2412.09466528594 -2174.77262258181 8774.00439998642 1.22755722931166
42000 340.103444074974 -2580.83573954392 779.59971462235 -1801.23602492157 5395.15658254197 8765.43955563689 1.2287566941568
43000 367.135727335753 -3433.34046901484 841.564274766727 -2591.77619424811 -399.550168229451 8923.72548917399 1.20696143603725
44000 362.803787698106 -3074.18479615894 831.634416765858 -2242.55037939308 1163.5141274182 8844.74787453489 1.2177387850959
45000 359.250576376494 -3090.67275993452 823.489593240605 -2267.18316669392 1152.84490095307 8896.34988366122 1.21067546488888
46000 362.662640959405 -3015.10436661832 831.310874152198 -2183.79349246612 2284.21841167419 8753.33482210885 1.23045590624635
47000 352.237110319224 -3664.89766493077 807.413025266904 -2857.48463966387 -732.697616467867 8869.25134172347 1.21437448508734
48000 353.791498115174 -3278.82786769485 810.97605970024 -2467.85180799461 -380.885116310619 8966.92676413248 1.20114648134496
49000 354.016891081139 -3096.44122533242 811.492715132596 -2284.94851019983 2209.51959267932 8669.97448631274 1.24228653131785
50000 346.621374538678 -2534.44143359626 794.540394635904 -1739.90103896035 1694.56502872183 8683.6520801116 1.2403298096067
51000 333.325107503858 -3532.53740612934 764.062120550554 -2768.47528557878 -1831.98663037469 8897.39954349454 1.21053263693106
52000 346.267730389508 -3289.52917209976 793.72975633578 -2495.79941576398 -748.561917340188 8807.78129022208 1.22284967988165
53000 346.291733587327 -3884.30969254505 793.784777496241 -3090.52491504881 1706.08829053879 8780.43459575764 1.2266582495153
54000 350.179280537637 -3328.16834557431 802.695979502107 -2525.4723660722 -291.298373312866 8770.71918944399 1.22801703014031
55000 359.614054648328 -3250.06295699667 824.322773738861 -2425.7401832578 -1548.49907569966 8904.25272319073 1.20960094755219
56000 346.557864817327 -3537.95277831267 794.394814926249 -2743.55796338642 -1882.88796351091 8997.16135897711 1.19711007744338
57000 355.02392444497 -2992.92794725656 813.801080239551 -2179.12686701701 600.37610186997 8866.84811354094 1.21470362335038
58000 360.073414945007 -3410.60264296353 825.375739130535 -2585.226903833 -3422.70547159313 8878.89000280038 1.21305619596804
59000 345.663189394287 -3520.82166564308 792.344001514527 -2728.47766412855 -1939.83813054359 8945.62958194418 1.2040060939875
60000 370.267169047539 -3734.03545510477 848.742299886423 -2885.29315521835 -1523.06742458093 8992.15992187334 1.19777590976961
61000 350.567030298173 -3435.73366034825 803.584796148705 -2632.14886419954 -822.183154549812 8955.29904075616 1.20270607181268
62000 330.943880077237 -3421.3031134536 758.60376882085 -2662.69934463275 -107.943587801152 8878.44818784663 1.21311656083764
63000 336.236755265243 -3292.66308979151 770.736324541727 -2521.92676524978 -951.906536929898 8708.45960128221 1.23679652020546
64000 337.257639961182 -3136.36436465002 773.076440266757 -2363.28792438326 -1008.98474571839 8993.42559930347 1.19760734241798
65000 356.677121252422 -2487.86328222335 817.590608930767 -1670.27267329258 269.965495192809 8759.51232323786 1.22958814757788
66000 339.151599800788 -3471.41259693676 777.41785631586 -2693.9947406209 -2333.28147899329 8912.04789136363 1.20854293676463
67000 338.562398775012 -3415.65519445884 776.06726443109 -2639.58793002775 -1682.92345302686 8720.44338389424 1.23509689325062
68000 340.864846103098 -3438.7785233127 781.345033037024 -2657.43349027568 -174.491621547561 9142.15708436007 1.1781237657403
69000 366.352728249949 -3144.79664792357 839.769450649311 -2305.02719727426 -720.493243475835 8867.37648267421 1.21463124434382
70000 351.975046968151 -3423.83009201858 806.8123124036 -2617.01777961498 -98.4088265400695 8986.80075786798 1.19849018815578
71000 352.88561944836 -3254.2293073133 808.899565732201 -2445.3297415811 890.513021595423 8867.27436099447 1.2146452328794
72000 338.352656596204 -2479.79861988253 775.58648440492 -1704.21213547761 1630.25871266651 8949.36752578475 1.20350320848749
73000 370.307957432451 -3336.00795638131 848.8357967733 -2487.17215960801 870.804713077358 8866.34827357204 1.21477210221029
74000 346.190179697398 -3053.97287368792 793.551991310196 -2260.42088237772 1569.33566550743 8842.45289118105 1.21805483882845
75000 348.368072795752 -2898.76270597531 798.544251363817 -2100.21845461149 3660.0670351934 8915.13740482078 1.20812411992569
76000 366.708112818845 -3352.44383889574 840.584078414242 -2511.85976048149 661.42302325201 8764.67471739118 1.22886392005448
77000 354.223394007001 -3631.31560546834 811.966070004105 -2819.34953546423 -1126.5816164626 8824.06523263687 1.22059303135921
78000 349.412242308763 -3206.51284544425 800.937741546119 -2405.57510389814 2158.06886985374 8802.33929346145 1.22360569981849
79000 350.50284238247 -3933.46225308019 803.437661852841 -3130.02459122734 -4626.761830461 8954.3450093955 1.20283421287816
80000 351.485357896957 -3018.91632083501 805.689826093016 -2213.22649474199 2550.70836195671 8862.50845158082 1.21529842144122
81000 359.813684582877 -3137.1342715433 824.78037404464 -2312.35389749866 1832.06223724763 8962.63858316818 1.20172117075465
82000 350.352209142485 -3250.29781983113 803.092373873696 -2447.20544595744 -2231.95392732714 9033.9391097866 1.19223656483889
83000 373.976872774946 -3882.80215062216 857.245842022216 -3025.55630859995 220.604032960875 9113.84656340536 1.18178339478115
84000 368.421838057104 -3480.09133726222 844.512352972948 -2635.57898428927 -4565.99022539201 8910.50029890327 1.20875283877622
85000 350.804816380335 -2560.16275772909 804.129859614023 -1756.03289811506 458.045802184684 8967.73295730001 1.20103849908332
86000 378.697118514538 -3201.55794193156 868.065791939341 -2333.49214999222 -374.422921207031 9081.05625795266 1.18605063389883
87000 342.336219028887 -3297.17232815058 784.717777221276 -2512.45455092931 774.348191779863 8891.84958059876 1.21128820652974
88000 355.931852267672 -3278.76670377861 815.88227137068 -2462.88443240793 886.645747144147 8935.47146933561 1.20537484431323
89000 346.735163686133 -3063.91282287121 794.801227004492 -2269.11159586672 -309.463181365933 8928.28695332354 1.20634479912256
90000 364.573673706373 -3344.06080546381 835.691425452472 -2508.36938001134 -2056.47790625632 8866.22856763112 1.21478850325797
91000 351.790646314937 -3316.79812993094 806.389621310269 -2510.40850862067 97.0378392169838 8736.58496505372 1.23281494706432
92000 356.095032155094 -3759.43661750016 816.25631931369 -2943.18029818647 -4551.43795684562 8995.2887232775 1.19735929135261
93000 363.358427987694 -3053.30413037825 832.905787047499 -2220.39834333075 148.697295214728 8898.57144685889 1.21037321501954
94000 357.666819115997 -3369.64138838796 819.85923685985 -2549.78215152811 1358.92968762421 8908.57121698572 1.20901458481689
95000 359.402592120483 -3358.26092536092 823.838050254777 -2534.42287510615 2830.99433688949 8759.28200987441 1.22962047791975
96000 347.087671800394 -2897.45469821692 795.609261236627 -2101.84543698029 -629.968665024069 8865.77206192298 1.21485105369149
97000 357.954271903396 -3504.42127139101 820.518148479029 -2683.90312291198 -3306.0886713199 9092.29624390649 1.18458442645156
98000 351.5725470267 -3012.15509388516 805.889684759108 -2206.26540912606 -232.075392346627 8763.34447668643 1.22905045669142
99000 333.005607141839 -3192.56806834679 763.32974810508 -2429.23832024171 297.169524955807 8766.56043273563 1.22859958747295
100000 352.157258017149 -3131.96919287617 807.229984392152 -2324.73920848402 1543.97022632363 8800.12147721808 1.22391407426577
