# Fix print output for fix thermo_out
0 359.535278084771 -3133.26692771902 824.14219871812 -2309.1247290009 -3199.68009353749 8825.5955706042 1.22038138333573
1000 372.2682360534 -3077.29779201372 853.329231579961 -2223.96856043376 880.729138534498 8869.41689684604 1.2143518177667
2000 369.116711881224 -3086.71520802137 846.105172582452 -2240.61003543892 -1623.21575120417 8823.1179716199 1.2207240757587
3000 352.32979903626 -3421.89336943995 807.625490323078 -2614.26787911687 -60.7851185976987 8897.11623619696 1.21057118343545
4000 346.797716889935 -2921.62317358442 794.944614143558 -2126.67855944086 -2024.28859669383 8731.18586049211 1.23357728300708
5000 355.561724345337 -3230.51531073029 815.033848258088 -2415.48146247221 -187.365909896869 8736.89620622353 1.23277102954977
6000 366.171458581777 -3509.13479845476 839.3539365343 -2669.78086192047 2576.82758334 8685.24662725423 1.24010209421315
7000 344.304143107475 -3496.87168806984 789.228737274145 -2707.64295079569 -2477.17814060696 8735.31206472338 1.23299459153973
8000 361.866973715678 -2695.50932194549 829.487011539364 -1866.02231040613 1493.91417655826 8874.13965735601 1.21370554747667
9000 340.807251560421 -3444.42428485463 781.213012353854 -2663.21127250078 -525.780582640084 8954.81946376218 1.2027704829563
10000 351.741394084518 -3095.9469862402 806.27672323338 -2289.67026300682 -3673.69771539006 8877.85102303065 1.21319816059933
11000 344.069597644346 -3035.8336606818 788.69110209489 -2247.14255858691 -628.563077649369 9126.8813246964 1.18009560418755
12000 351.95938428358 -2474.54145063325 806.776409725651 -1667.7650409076 -971.478334308713 8880.10349652173 1.21289042807152
13000 327.391133483982 -3026.2415568884 750.460010565887 -2275.78154632251 -597.943007403496 8924.61595744512 1.20684100947006
14000 366.674225793727 -3276.81921413051 840.506401120548 -2436.31281300996 806.060465184201 8865.38916036934 1.2149035238479
15000 358.213594781898 -2958.64704556098 821.11257951346 -2137.53446604752 1362.92292738053 8909.8690692712 1.20883847422201
16000 350.907229321717 -3296.21376539704 804.364614954687 -2491.84915044235 2898.28752775696 8844.05163803804 1.21783465000268
17000 352.721507349701 -3154.935683379 808.523380934577 -2346.41230244442 431.470996095457 8803.42615791156 1.22345463436826
18000 334.053453440815 -3030.00658218173 765.731666374009 -2264.27491580772 2940.52371359458 8820.72890432298 1.22105470512047
19000 346.427824863371 -3487.18879419344 794.096731761378 -2693.09206243206 -671.015302381322 8782.22788880584 1.22640777119258
20000 362.271221985415 -3481.12811976152 830.413646777008 -2650.71447298452 3141.08561253976 8748.03164767117 1.2312018251652
21000 350.426366544044 -3370.15732278439 803.262360653012 -2566.89496213138 1117.09015321829 8683.47309289846 1.24035537577978
22000 378.477812853048 -3162.090749115 867.563090087622 -2294.52765902738 -1515.25826806927 8848.7115440491 1.21719331425817
23000 360.270740705566 -3114.98077953678 825.828057709777 -2289.152721827 690.489847682773 8633.19993922203 1.24757825685041
24000 328.291709533941 -4135.67828644262 752.524349647938 -3383.15393679468 -4398.46682025676 8723.59362764737 1.23465087794562
25000 345.288292607963 -3412.22775445387 791.484647007179 -2620.74310744669 -2845.8972099566 8829.92541940092 1.21978295621283
26000 331.040147066809 -3272.79143593739 758.824436146941 -2513.96699979045 -260.698230439626 8830.58123244959 1.21969236765946
27000 367.981809734103 -3533.40641580539 843.503701161232 -2689.90271464416 -2087.17995845682 8832.87925875461 1.21937504359527
28000 357.548976248982 -3484.83947631764 819.589112381266 -2665.25036393637 1306.19592082873 8712.85246312706 1.23617294988031
29000 359.414343219631 -3511.47376914641 823.864986628701 -2687.60878251771 -985.719442546713 8766.46026947446 1.22861362512755
30000 348.058517921835 -4012.19978666353 797.834676393114 -3214.36511027042 -1638.84686366196 8674.18553835603 1.24168343916436
31000 343.3616745618 -3684.62312683024 787.068370415037 -2897.5547564152 -425.868990238008 8698.64025308045 1.23819266205445
32000 356.125184659688 -3401.39423095004 816.325436179121 -2585.06879477092 -1174.24501299929 8693.65325615639 1.23890293457339
33000 354.276330837346 -3326.75405593971 812.087414079118 -2514.66664186059 -2098.30120876256 8749.82966755978 1.23094882305514
34000 342.701421852171 -3859.93940260067 785.554910810399 -3074.38449179027 -127.066650202349 8840.96164739949 1.21826029348106
35000 358.308832660485 -3111.83438810493 821.330887867172 -2290.50350023776 -1423.85684528355 8734.76347636562 1.2330720299821
36000 372.511700059394 -3132.38074279714 853.887310226033 -2278.4934325711 842.485623140829 8731.65496466548 1.23351100963119
37000 341.486707344648 -2463.43266586685 782.770490070443 -1680.66217579641 1481.15814792537 8830.12053834203 1.21975600270095
38000 357.412950327206 -3414.37861183057 819.277307923989 -2595.10130390658 1099.83644232822 9072.26474278901 1.18719998110467
39000 364.640680098714 -3224.04625915288 835.845020381475 -2388.2012387714 -494.638405559928 8954.92924027521 1.20275573845681
40000 361.00970957032 -3298.65857451489 827.521953864354 -2471.13662065054 129.493592621009 9032.3203867828 1.19245023094802
41000 370.388699261462 -3416.95995313034 849.020876659881 -2567.93907647046 -1477.96113999317 8895.9264441672 1.21073309214215
42000 332.299674303185 -2980.148768821 761.711578547715 -2218.43719027329 689.368487394016 8890.35269645371 1.21149215323167
43000 353.674043547539 -3090.70977797656 810.706825298162 -2280.00295267839 194.114757749555 8950.16001743092 1.20339664433254
44000 355.456612179559 -2725.74822836315 814.792905639388 -1910.95532272376 1692.32628997635 8825.36760176381 1.2204129071137
45000 353.572620282142 -3682.73254565149 810.474338535276 -2872.25820711621 -2788.74527494586 8892.27005804699 1.21123092988712
46000 338.542616670952 -3327.07696547187 776.021919042949 -2551.05504642892 4749.8904890866 8892.88326899673 1.2111474091609
47000 353.801003598759 -3499.22085493857 810.997848577768 -2688.2230063608 -2636.35759482297 8875.17978197037 1.2135633075395
48000 351.094038209436 -3372.03724246655 804.792826306533 -2567.24441616002 1392.26757437048 8815.27015993079 1.22181082778071
49000 353.010882874246 -3178.69158518412 809.186699934382 -2369.50488524974 457.495806142047 8789.27622576827 1.22542428461158
50000 349.68690333795 -3315.1908772085 801.567331347994 -2513.62354586051 35.8290283648878 8894.98977520428 1.21086058594916
51000 379.923685239437 -3118.48962824203 870.877380840763 -2247.61224740127 -2078.0273356208 8580.76258784516 1.25520225282453
52000 349.246281054233 -3274.86200651245 800.557318034026 -2474.30468847842 4552.62416354043 8778.89193126956 1.2268738031564
53000 342.936700794438 -3298.84554317136 786.094227302024 -2512.75131586934 1367.96540688428 8700.36743167231 1.23794685865875
54000 359.281889895411 -3615.73799941238 823.561371432907 -2792.17662797947 -3725.49871086708 8732.22488871891 1.2334305023603
55000 369.024588075773 -2984.94426335526 845.894002440864 -2139.05026091439 612.472144570284 8765.46885360612 1.22875258712312
56000 345.874349701737 -3123.96251690577 792.828032236049 -2331.13448466972 -1654.55379039715 8860.67718027989 1.21554959198677
57000 346.946938416379 -3869.14196783438 795.286666132323 -3073.85530170206 -779.060834599335 8967.04518577461 1.20113061862365
58000 347.285016273268 -3458.75382586675 796.061622709041 -2662.69220315771 -13.4344609815382 8936.64365833475 1.20521673941542
59000 353.02294933963 -2983.81361741574 809.214359204329 -2174.59925821141 1689.33223470322 8889.32338009967 1.21163243485185
60000 351.926028113057 -3747.11778735614 806.699949279651 -2940.41783807649 -2159.15582063972 8989.25818663019 1.19816255219312
61000 354.807817193965 -3410.54408850171 813.305709921646 -2597.23837858006 -374.223327132523 8899.93282236313 1.21018807065061
62000 359.310300309927 -3674.46069014086 823.626495004677 -2850.83419513619 -372.913135130132 8921.3948847004 1.2072767398388
63000 349.680123215461 -3366.98841584268 801.551789660165 -2565.43662618252 -1135.65646129893 8811.12622482936 1.22238545407108
64000 355.53686987043 -3649.75947389544 814.97687576374 -2834.7825981317 -4721.23334858292 8894.90305429729 1.21087239124121
65000 347.481341223578 -3113.05852273548 796.511647188068 -2316.54687554741 -33.5683847247824 8943.48529733123 1.20429476575868
66000 359.770794394111 -3454.79009229356 824.68205931274 -2630.10803298082 -1088.40939741653 8966.89817614984 1.20115031080238
67000 354.270277736003 -3966.07144456715 812.073538900369 -3153.99790566678 -6435.00747426233 8888.00479675216 1.21181218704466
68000 366.968615070306 -3275.49809483154 841.181212857998 -2434.31688197354 -973.484848502939 8842.77393327533 1.21801061663309
69000 348.010957580479 -3430.14891541684 797.725656536966 -2632.42325887988 -169.845384710356 8816.85179209814 1.22159165030635
70000 358.453598711869 -3569.28225972063 821.662726824735 -2747.61953289589 510.870598465311 8740.85202417321 1.23221311851855
71000 343.620097156538 -3371.59825057436 787.660737780377 -2583.93751279398 1152.66046528447 8850.07353858631 1.21700599257802
72000 348.268232635637 -3442.53295470905 798.315393462819 -2644.21756124623 1732.85415775868 8948.76305122063 1.20358450319528
73000 358.134779299704 -3624.48700578706 820.931915281748 -2803.55509050531 -599.209993382056 8727.27790499475 1.23412966201655
74000 370.424998510031 -3364.26918111559 849.104083355721 -2515.16509775987 -1764.37468513673 8783.35405992415 1.22625052545231
75000 360.013608045182 -3572.49993450082 825.238647187337 -2747.26128731348 -1275.37522239227 8823.25465857117 1.22070516470391
76000 334.552177470428 -2998.59386485729 766.874863004139 -2231.71900185315 481.131318898879 8811.42653030248 1.22234379350218
77000 353.510916681402 -3297.3059798937 810.33289889282 -2486.97308100088 -866.337081441489 8921.6074447694 1.20724797609542
78000 345.807393417909 -3639.48420867046 792.674552167928 -2846.80965650253 3082.75678735778 8849.96147740866 1.21702140271569
79000 345.684735346281 -3573.72922345567 792.393390070622 -2781.33583338504 -2926.84498085862 8826.79885683591 1.22021501859356
80000 356.279150215495 -3694.14055567125 816.678362635643 -2877.46219303561 -1819.45068196021 8819.71930417486 1.22119448020498
81000 343.537403246983 -3617.02388422835 787.471183250973 -2829.55270097738 -963.055078818751 8867.74686766799 1.21458051204478
82000 352.51557149495 -3840.5790235625 808.051325927809 -3032.52769763469 2407.77438429641 8642.40639262955 1.24624925534641
83000 353.371132496794 -3702.12543078554 810.012479584144 -2892.1129512014 3190.27474368989 8633.02367118726 1.2476037297526
84000 365.664183247014 -3869.55157154158 838.191138235412 -3031.36043330617 -1486.65203119728 8875.52228158464 1.21351647705995
85000 348.40501651449 -3138.95716893917 798.628935341845 -2340.32823359733 987.456896159712 8842.48855488676 1.21804992614476
86000 346.704399202774 -3188.20009162284 794.730707335063 -2393.46938428777 -1301.61230444585 8881.97640482767 1.21263467051787
87000 353.229597272972 -3778.18315438304 809.688046468213 -2968.49510791483 -3377.58261472682 8918.18648038576 1.20771106938659
88000 340.675618501252 -3256.88938470558 780.911277404826 -2475.97810730075 -1857.91949144515 8857.87646814933 1.21593392840191
89000 365.772158698297 -3219.80092429194 838.438644200062 -2381.36228009187 -283.738058765377 8797.40355816211 1.22429219712478
90000 358.593443126236 -4081.20770883794 821.983284194651 -3259.22442464329 -53.9339768760415 8966.96297424332 1.20114163091262
91000 359.648536522056 -3622.76020675596 824.401814570075 -2798.35839218588 -4142.43669303661 8892.68328146927 1.21117464665132
92000 339.589727604307 -2986.28923194887 778.422151675234 -2207.86708027364 3035.9970825184 8929.84393709318 1.20613446406116
93000 339.648175791048 -3233.36967808974 778.556129117972 -2454.81354897177 3509.17498739874 8969.5279186005 1.20079815002083
94000 351.657650720865 -3190.80067044912 806.084763100242 -2384.71590734888 602.300264550937 8966.76269415514 1.20116845940802
95000 346.360313190633 -3641.04934910433 793.941978606955 -2847.10737049737 -1156.14462133074 9010.66725046546 1.19531575540749
96000 350.982178109771 -3351.47331807511 804.5364157841 -2546.93690229101 -384.753193502684 8969.2327333503 1.20083766933234
97000 335.821943230855 -2650.0864812647 769.785474589264 -1880.30100667544 3787.51864685649 8927.38304634341 1.20646694280999
98000 356.086567116637 -3410.22947314274 816.236915389147 -2593.99255775359 918.736562405252 8949.04866244813 1.20354609048122
99000 359.897725175392 -2931.20318376303 824.973015498533 -2106.2301682645 -3080.04893992902 8756.66167979323 1.22998842767556
100000 373.080296513584 -3396.161947397 855.190671427292 -2540.97127596971 1464.82025857578 8976.11039255042 1.19991756564787
