# Fix print output for fix thermo_out
0 354.827196032107 -3228.95366960846 813.350130926339 -2415.60353868212 2073.71328522001 8836.64516085134 1.2188553840469
1000 351.734714559025 -3485.29634266136 806.261412138305 -2679.03493052305 4161.08049208018 8916.39327285509 1.2079539564507
2000 348.995910386972 -3835.88951941518 799.983407642505 -3035.90611177268 -56.977865728573 8838.89932862648 1.21854454166403
3000 353.198347813779 -3610.73124251215 809.616415116358 -2801.11482739579 137.502422134855 8735.55669815352 1.23296006234981
4000 345.639976202453 -3913.48638107794 792.2907912397 -3121.19558983823 -2524.53780724251 8829.28834861562 1.21987096875191
5000 349.985031276354 -3800.96049273182 802.250713006575 -2998.70977972525 -1234.75038400319 8901.79006374643 1.20993558083111
6000 363.500175285542 -3374.85070858535 833.230706288619 -2541.62000229673 32.852148762991 8916.02245033342 1.2080041959532
7000 354.449429372924 -3567.02130998545 812.484197973224 -2754.53711201223 529.386601646324 8979.60616567114 1.19945043607719
8000 349.661758803342 -3708.01176978385 801.50969396635 -2906.5020758175 -1781.58850043605 8798.08592932601 1.2241972421882
9000 355.688008555282 -3639.83768482679 815.323322345307 -2824.51436248148 -2719.61507081933 8979.58471483369 1.19945330137856
10000 355.19792757699 -3557.62177301568 814.199937688451 -2743.42183532723 -315.054159277771 8907.40305051251 1.20917314172687
11000 341.869681856324 -3225.8301804142 783.64836068661 -2442.18181972759 -559.287446631071 8903.21995790161 1.20974126014451
12000 353.060293734059 -2779.50349173645 809.299961628377 -1970.20353010808 -370.382280632838 8862.34434337612 1.21532092569455
13000 348.313804792591 -3437.50763111341 798.41985591733 -2639.08777519608 -3606.40757310085 8763.53199089002 1.22902415857123
14000 363.482257844257 -3412.83203642989 833.189635160538 -2579.64240126935 2917.68277701827 8882.29938062453 1.21259057701998
15000 333.798443553334 -3186.4061600148 765.147121762747 -2421.25903825205 2022.40835680871 8687.71435425472 1.23974984582002
16000 350.217116669707 -3515.25982099638 802.782709108285 -2712.47711188809 -1159.43109184547 8755.32708097273 1.23017591822727
17000 350.357686286783 -3680.05815791298 803.104928818981 -2876.953229094 -1579.37160410372 8849.66521061656 1.21706214584193
18000 358.730682789464 -3525.06783319959 822.297870842188 -2702.7699623574 2498.82995983245 8731.46204656786 1.23353826355454
19000 365.047912694228 -3617.54391277657 836.778496418776 -2780.7654163578 1755.34450202831 8790.3800727542 1.22527040265291
20000 348.734707067371 -3828.85818668283 799.384666180264 -3029.47352050257 -1194.04031611536 8907.89983808256 1.20910570695573
21000 332.396302046256 -3936.88358040805 761.93307280846 -3174.95050759959 -156.455670144375 8846.24134892701 1.21753319928605
22000 352.341069251083 -3425.19514009392 807.651324393307 -2617.54381570062 3422.24059823999 8711.91350603964 1.23630618276327
23000 370.045595160104 -3107.89842402353 848.234398709819 -2259.66402531371 1139.98012471588 8720.11426600287 1.23514350875045
24000 345.721516959613 -3634.83797533376 792.477702463681 -2842.36027287008 -2651.83094846651 8945.3274089912 1.20404676528551
25000 343.899924052031 -3369.0749889906 788.302169002759 -2580.77281998784 401.472194946319 8807.15264110951 1.22293696613606
26000 363.73369014107 -3115.77840970681 833.765979064892 -2282.01243064192 -2154.37621789454 8796.5065626524 1.22441704039018
27000 348.804962187611 -3234.86063578154 799.545707982821 -2435.31492779872 520.673507155812 8757.46403975788 1.22987573598001
28000 345.724445080199 -3495.77033629096 792.484414427387 -2703.28592186357 -732.11482014817 8723.84372990311 1.2346154819689
29000 341.683618796357 -3535.14066715152 783.221858953154 -2751.91880819837 -2946.20012136177 8903.12317259295 1.20975441116792
30000 364.978937781147 -3578.23880180411 836.620389162026 -2741.61841264208 4.99589178988115 8913.48128272165 1.20834858901807
31000 359.840994834151 -3504.78232579952 824.842975774995 -2679.93935002452 -712.880676380274 8864.3036348945 1.21505230132427
32000 355.719463256115 -2890.71651957333 815.39542416086 -2075.32109541247 2801.3174969309 8844.84202773862 1.21772582228576
33000 344.651807292702 -3330.95724388967 790.025668044207 -2540.93157584546 1192.65546144078 8856.86737489161 1.2160724639221
34000 360.624909974978 -3314.46463592886 826.63989971306 -2487.8247362158 914.330065764811 8796.96412154045 1.22435335445356
35000 334.833991178155 -3373.86664563035 767.520848482816 -2606.34579714753 -2483.64395552744 8703.24469783151 1.23753759720203
36000 361.57978130375 -3489.28813016625 828.828696764018 -2660.45943340224 1764.97527285877 8536.96971750681 1.26164117803163
37000 361.520471179958 -2997.68592631502 828.69274355217 -2168.99318276285 78.887902974519 8538.26143162113 1.2614503101682
38000 355.359094273788 -3548.95529846691 814.569370909486 -2734.38592755743 -5848.86951457927 8913.43460422819 1.20835491698189
39000 347.850065141091 -3448.81372656618 797.356851980539 -2651.45687458564 1698.23935524748 8718.25969743485 1.23540625136283
40000 342.547081923451 -3581.01851584387 785.201126200212 -2795.81738964365 -4344.2203350672 8764.80279245919 1.22884596336636
41000 353.860808732869 -3950.57345911413 811.134936473518 -3139.43852264061 837.586709542963 8830.4231336295 1.21971420488304
42000 348.078979521882 -3147.52059623276 797.881579351127 -2349.63901688164 2473.03988300476 8789.49097558677 1.22539434435185
43000 345.066763008873 -3200.39169362923 790.976847350222 -2409.414846279 -2340.504599868 8842.19208441403 1.21809076622536
44000 355.365552525683 -3000.47677034394 814.584174791725 -2185.89259555222 1202.49888065799 8911.15758232535 1.20866368164989
45000 357.014710067825 -3286.76103679079 818.364444505598 -2468.39659228519 957.806791312864 8933.70101599605 1.2056137217857
46000 359.638038053714 -3164.08451507886 824.377749530258 -2339.7067655486 -296.810940242515 8757.18488311965 1.22991494127035
47000 360.776975230744 -3354.74900481352 826.988470220255 -2527.76053459327 1060.28485573757 8748.88886169226 1.23108119230724
48000 356.822126498932 -4014.29855503076 817.922996181667 -3196.37555884909 614.233415623025 8711.31678158942 1.23639086963045
49000 360.628927301937 -3707.42094020978 826.649108402375 -2880.7718318074 -1327.18831590761 8708.5284066876 1.23678674837238
50000 352.914689541233 -3324.51904908969 808.966201447019 -2515.55284764267 -1187.71317294547 8652.50234666898 1.24479510084873
51000 342.186126931529 -4005.14758519193 784.373729672491 -3220.77385551943 -4598.50392893196 8738.19131095874 1.23258831810057
52000 363.30201184735 -3636.14257501687 832.776467548747 -2803.36610746812 -4406.79360711144 8657.57057647982 1.24406638514462
53000 358.83993196545 -3493.25256305845 822.548296493281 -2670.70426656517 847.383110647513 8625.86530979721 1.24863908076358
54000 351.271866442681 -3556.03034295095 805.200451816668 -2750.82989113428 -3529.84795888271 8700.14388000708 1.2379786679122
55000 344.828932099589 -3256.14609066972 790.431681130249 -2465.71440953947 3867.56423247341 8693.67032619288 1.23890050198537
56000 367.245708649669 -3279.92162391676 841.816378655813 -2438.10524526095 2273.26534111251 8656.62791103265 1.24420185803399
57000 353.260335052147 -3815.41807069364 809.758504925162 -3005.65956576847 -512.768648640847 8703.86741822179 1.23744905726242
58000 372.738014376166 -3661.75710851715 854.406077618261 -2807.35103089889 3201.51431962242 8716.81491625359 1.2356110155709
59000 354.303754478138 -3343.47541486685 812.150275725797 -2531.32513914105 160.286343673183 8721.12790330398 1.23499995076729
60000 343.023472283304 -3551.25392910113 786.293128633768 -2764.96080046736 -2454.33102103238 8929.87487913101 1.20613028480235
61000 354.957982810427 -3403.74029878971 813.649925994078 -2590.09037279564 2846.09662861552 8598.4303294755 1.25262310892884
62000 355.542571599262 -3063.67435975872 814.989945511337 -2248.68441424738 -1323.66483868258 8698.38847468077 1.23822850204572
63000 345.81055081069 -3758.72355003293 792.681789679203 -2966.04176035372 305.527059245604 8675.10023637536 1.24155251671373
64000 357.011092683241 -3480.89111571789 818.356152581368 -2662.53496313652 2423.46143476824 8528.60675850183 1.26287831485241
65000 335.301409268937 -3507.23037204018 768.59228429604 -2738.63808774414 -418.605752048143 8768.64313508361 1.22830777410957
66000 354.623155237676 -3820.88732079954 812.882419858189 -3008.00490094136 -1460.42296201324 8658.30512058526 1.24396084236029
67000 349.362963861154 -3486.34103570249 800.824783373063 -2685.51625232943 768.510410563887 8897.27417912589 1.21054969357748
68000 351.110972114349 -3404.4936760378 804.831642930323 -2599.66203310747 2152.45337301451 8766.45191950172 1.22861479537184
69000 347.566657055249 -3763.00947224535 796.707211799901 -2966.30226044544 -1834.65829431899 8792.78696618691 1.22493500327422
70000 352.727094757345 -2917.90734468679 808.536188630238 -2109.37115605655 3521.46194760745 8696.53987896406 1.23849170832511
71000 362.448788570598 -3487.52162231924 830.820672526223 -2656.70094979302 -887.008727939058 8698.31996482867 1.2382382546016
72000 354.168278905061 -3590.70162113871 811.839732801433 -2778.86188833728 -2071.65664462548 8747.70121896605 1.23124833160325
73000 365.278904070842 -3883.09675270934 837.307984768354 -3045.78876794098 -1782.46041143897 8786.95053037818 1.22574862507529
74000 340.280862800709 -3835.51467387414 780.00640144179 -3055.50827243235 -130.059994185795 8637.20092196846 1.24700034519528
75000 354.992790015401 -3706.30145653148 813.729712563538 -2892.57174396794 -2841.83315986878 8538.96867753719 1.26134582968422
76000 343.232153852545 -3616.72770091707 786.771477485159 -2829.95622343191 -3664.68620051419 8685.84338353974 1.24001689365326
77000 346.250039462358 -3569.53718886018 793.689204433123 -2775.84798442705 54.1048162665 8594.83696783915 1.25314681029064
78000 355.916506833245 -3663.68991149213 815.847095907132 -2847.842815585 3501.54792077424 8768.91503975428 1.22826968700081
79000 347.826629906027 -3505.27206431356 797.303132728686 -2707.96893158487 -422.856382556408 8678.9143448778 1.24100689362977
80000 358.458127268236 -3703.97111807308 821.673107376045 -2882.29801069704 -54.6082111287721 8721.83609060357 1.23489967242326
81000 357.537025928834 -4390.42246359207 819.561719344413 -3570.86074424765 -2749.9702073785 8609.84237499661 1.25096280072374
82000 335.261372008677 -3942.5394081579 768.500509169335 -3174.03889898857 -5672.60186368568 8827.70295293247 1.22009004931887
83000 345.210130983799 -3532.39540099915 791.305481576912 -2741.08991942224 -1820.10990013521 8747.07575654409 1.23133637240511
84000 364.641124520537 -3623.48717518319 835.846039104258 -2787.64113607893 -1862.05582193089 8701.26330003167 1.23781940160074
85000 331.573232693448 -3558.73388952052 760.046397904863 -2798.68749161565 -2098.46531491614 8783.15372160505 1.22627849547047
86000 353.014253378344 -3803.14441188468 809.194425948565 -2993.94998593611 -2863.0902726021 8764.31547780409 1.22891428982589
87000 371.251121953073 -3415.99195229841 850.99775897606 -2564.99419332235 1393.1318949597 8768.48545893882 1.22832986171356
88000 356.511366389281 -3426.99231726239 817.210658517876 -2609.78165874452 -57.6332547584377 8846.57926504682 1.21748669271192
89000 345.216801999137 -3658.27506753422 791.320773164646 -2866.95429436958 1832.31425830588 8778.19134286958 1.22697172008725
90000 353.485601989529 -4060.27582256064 810.274871469388 -3250.00095109125 -2085.95322950719 8807.52213375201 1.2228856615575
91000 364.815501018326 -3265.34911272517 836.245752398202 -2429.10336032697 167.868950231819 8678.71541001744 1.24103534018222
92000 348.322676311068 -3253.76792449502 798.440191592823 -2455.3277329022 2225.10350844657 8553.14171272928 1.25925570895034
93000 365.533442169856 -4002.12913512078 837.891447925838 -3164.23768719494 -964.334996115966 8703.59068333461 1.23748840255539
94000 336.904369448438 -3365.67309300163 772.266658432089 -2593.40643456954 2534.39576823466 8681.43082938813 1.24064716322514
95000 359.278664705468 -3601.75462226406 823.553978514068 -2778.20064374999 -1970.67614682329 8773.82951546599 1.22758169761903
96000 358.940875082038 -3697.11920636341 822.779682638457 -2874.33952372495 -84.6115162430325 8758.90054533135 1.22967402991653
97000 364.811750134508 -3607.28381751941 836.237154461294 -2771.04666305812 -1619.34053871265 8822.96844595806 1.22074476375917
98000 360.033398331144 -3124.09459940927 825.284011330388 -2298.81058807888 1618.25773843938 8847.88579216638 1.21730691198021
99000 347.396181578895 -3535.65135680907 796.316440594753 -2739.33491621432 -4261.47120791202 8825.92381439506 1.22033599628957
100000 347.513604148728 -3759.31755231238 796.585601650094 -2962.73195066229 719.172111168069 8768.19540939592 1.2283704945346
