2026-04-29 09:51:23 [SpringApplicationShutdownHook] INFO  o.s.i.endpoint.EventDrivenConsumer - Removing {logging-channel-adapter:_org.springframework.integration.errorLogger} as a subscriber to the 'errorChannel' channel
2026-04-29 09:51:23 [SpringApplicationShutdownHook] INFO  o.s.i.c.PublishSubscribeChannel - Channel 'electrolyte-md-platform.errorChannel' has 0 subscriber(s).
2026-04-29 09:51:23 [SpringApplicationShutdownHook] INFO  o.s.i.endpoint.EventDrivenConsumer - stopped bean '_org.springframework.integration.errorLogger'
2026-04-29 09:51:23 [SpringApplicationShutdownHook] INFO  o.s.o.j.LocalContainerEntityManagerFactoryBean - Closing JPA EntityManagerFactory for persistence unit 'default'
2026-04-29 09:51:23 [SpringApplicationShutdownHook] INFO  com.zaxxer.hikari.HikariDataSource - HikariPool-1 - Shutdown initiated...
2026-04-29 09:51:23 [SpringApplicationShutdownHook] INFO  com.zaxxer.hikari.HikariDataSource - HikariPool-1 - Shutdown completed.
2026-04-29 09:51:28 [main] INFO  c.mdplatform.ElectrolyteApplication - Starting ElectrolyteApplication using Java 17.0.15 on PiPi with PID 19876 (C:\Users\24264\Desktop\结果与可视化\backend\target\classes started by 24264 in C:\Users\24264\Desktop\结果与可视化\backend)
2026-04-29 09:51:28 [main] DEBUG c.mdplatform.ElectrolyteApplication - Running with Spring Boot v2.7.17, Spring v5.3.30
2026-04-29 09:51:28 [main] INFO  c.mdplatform.ElectrolyteApplication - No active profile set, falling back to 1 default profile: "default"
2026-04-29 09:51:29 [main] INFO  o.s.d.r.c.RepositoryConfigurationDelegate - Bootstrapping Spring Data JPA repositories in DEFAULT mode.
2026-04-29 09:51:29 [main] INFO  o.s.d.r.c.RepositoryConfigurationDelegate - Finished Spring Data repository scanning in 139 ms. Found 2 JPA repository interfaces.
2026-04-29 09:51:29 [main] INFO  o.s.i.c.DefaultConfiguringBeanFactoryPostProcessor - No bean named 'errorChannel' has been explicitly defined. Therefore, a default PublishSubscribeChannel will be created.
2026-04-29 09:51:29 [main] INFO  o.s.i.c.DefaultConfiguringBeanFactoryPostProcessor - No bean named 'integrationHeaderChannelRegistry' has been explicitly defined. Therefore, a default DefaultHeaderChannelRegistry will be created.
2026-04-29 09:51:29 [main] INFO  o.s.b.w.e.tomcat.TomcatWebServer - Tomcat initialized with port(s): 8080 (http)
2026-04-29 09:51:29 [main] INFO  o.a.c.core.AprLifecycleListener - Loaded Apache Tomcat Native library [2.0.7] using APR version [1.7.4].
2026-04-29 09:51:29 [main] INFO  o.a.c.core.AprLifecycleListener - APR capabilities: IPv6 [true], sendfile [true], accept filters [false], random [true], UDS [true].
2026-04-29 09:51:29 [main] INFO  o.a.c.core.AprLifecycleListener - APR/OpenSSL configuration: useAprConnector [false], useOpenSSL [true]
2026-04-29 09:51:29 [main] INFO  o.a.c.core.AprLifecycleListener - OpenSSL successfully initialized [OpenSSL 3.0.13 30 Jan 2024]
2026-04-29 09:51:29 [main] INFO  o.a.catalina.core.StandardService - Starting service [Tomcat]
2026-04-29 09:51:29 [main] INFO  o.a.catalina.core.StandardEngine - Starting Servlet engine: [Apache Tomcat/9.0.82]
2026-04-29 09:51:29 [main] INFO  o.a.c.c.C.[Tomcat].[localhost].[/] - Initializing Spring embedded WebApplicationContext
2026-04-29 09:51:29 [main] INFO  o.s.b.w.s.c.ServletWebServerApplicationContext - Root WebApplicationContext: initialization completed in 1286 ms
2026-04-29 09:51:29 [main] INFO  o.h.jpa.internal.util.LogHelper - HHH000204: Processing PersistenceUnitInfo [name: default]
2026-04-29 09:51:29 [main] INFO  org.hibernate.Version - HHH000412: Hibernate ORM core version 5.6.15.Final
2026-04-29 09:51:30 [main] INFO  o.h.annotations.common.Version - HCANN000001: Hibernate Commons Annotations {5.1.2.Final}
2026-04-29 09:51:30 [main] INFO  com.zaxxer.hikari.HikariDataSource - HikariPool-1 - Starting...
2026-04-29 09:51:30 [main] INFO  com.zaxxer.hikari.HikariDataSource - HikariPool-1 - Start completed.
2026-04-29 09:51:30 [main] INFO  org.hibernate.dialect.Dialect - HHH000400: Using dialect: org.hibernate.dialect.MySQL8Dialect
2026-04-29 09:51:30 [main] INFO  o.h.e.t.j.p.i.JtaPlatformInitiator - HHH000490: Using JtaPlatform implementation: [org.hibernate.engine.transaction.jta.platform.internal.NoJtaPlatform]
2026-04-29 09:51:30 [main] INFO  o.s.o.j.LocalContainerEntityManagerFactoryBean - Initialized JPA EntityManagerFactory for persistence unit 'default'
2026-04-29 09:51:31 [main] INFO  com.mdplatform.config.DockerConfig - ℹ️ Detected Windows, using named pipe: npipe:////./pipe/docker_engine
2026-04-29 09:52:01 [main] WARN  com.mdplatform.config.DockerConfig - ⚠️ Failed to connect to Docker daemon: java.nio.file.NoSuchFileException: \\.\pipe\docker_engine
2026-04-29 09:52:01 [main] WARN  com.mdplatform.config.DockerConfig - ℹ️ Application will start without Docker integration. MD simulation features will be disabled.
2026-04-29 09:52:01 [main] WARN  com.mdplatform.service.DockerService - DockerClient is not available. Some features will be limited.
2026-04-29 09:52:01 [main] WARN  o.s.b.a.o.j.JpaBaseConfiguration$JpaWebConfiguration - spring.jpa.open-in-view is enabled by default. Therefore, database queries may be performed during view rendering. Explicitly configure spring.jpa.open-in-view to disable this warning
2026-04-29 09:52:01 [main] INFO  o.s.i.endpoint.EventDrivenConsumer - Adding {logging-channel-adapter:_org.springframework.integration.errorLogger} as a subscriber to the 'errorChannel' channel
2026-04-29 09:52:01 [main] INFO  o.s.i.c.PublishSubscribeChannel - Channel 'electrolyte-md-platform.errorChannel' has 1 subscriber(s).
2026-04-29 09:52:01 [main] INFO  o.s.i.endpoint.EventDrivenConsumer - started bean '_org.springframework.integration.errorLogger'
2026-04-29 09:52:01 [main] INFO  o.s.b.w.e.tomcat.TomcatWebServer - Tomcat started on port(s): 8080 (http) with context path ''
2026-04-29 09:52:01 [main] INFO  c.mdplatform.ElectrolyteApplication - Started ElectrolyteApplication in 33.859 seconds (JVM running for 34.675)
2026-04-29 09:52:40 [http-nio-8080-exec-6] INFO  o.a.c.c.C.[Tomcat].[localhost].[/] - Initializing Spring DispatcherServlet 'dispatcherServlet'
2026-04-29 09:52:40 [http-nio-8080-exec-6] INFO  o.s.web.servlet.DispatcherServlet - Initializing Servlet 'dispatcherServlet'
2026-04-29 09:52:40 [http-nio-8080-exec-6] INFO  o.s.web.servlet.DispatcherServlet - Completed initialization in 1 ms
2026-04-29 09:52:41 [http-nio-8080-exec-1] WARN  com.mdplatform.service.DockerService - Docker is not available. Using mock status.
2026-04-29 09:52:41 [http-nio-8080-exec-1] WARN  com.mdplatform.service.DockerService - Docker client not available, using mock execution
2026-04-29 09:52:41 [http-nio-8080-exec-1] WARN  com.mdplatform.service.DockerService - Docker client not available, using mock execution
2026-04-29 09:52:41 [http-nio-8080-exec-1] WARN  com.mdplatform.service.DockerService - Docker client not available, using mock execution
2026-04-29 09:52:55 [http-nio-8080-exec-8] WARN  com.mdplatform.service.DockerService - Docker is not available. Using mock status.
2026-04-29 09:52:55 [http-nio-8080-exec-8] WARN  com.mdplatform.service.DockerService - Docker client not available, using mock execution
2026-04-29 09:52:55 [http-nio-8080-exec-8] WARN  com.mdplatform.service.DockerService - Docker client not available, using mock execution
2026-04-29 09:52:55 [http-nio-8080-exec-8] WARN  com.mdplatform.service.DockerService - Docker client not available, using mock execution
2026-04-29 09:53:25 [http-nio-8080-exec-2] WARN  com.mdplatform.service.DockerService - Docker is not available. Using mock status.
2026-04-29 09:53:25 [http-nio-8080-exec-2] WARN  com.mdplatform.service.DockerService - Docker client not available, using mock execution
2026-04-29 09:53:25 [http-nio-8080-exec-2] WARN  com.mdplatform.service.DockerService - Docker client not available, using mock execution
2026-04-29 09:53:25 [http-nio-8080-exec-2] WARN  com.mdplatform.service.DockerService - Docker client not available, using mock execution
2026-04-29 09:53:56 [http-nio-8080-exec-4] WARN  com.mdplatform.service.DockerService - Docker is not available. Using mock status.
2026-04-29 09:53:56 [http-nio-8080-exec-4] WARN  com.mdplatform.service.DockerService - Docker client not available, using mock execution
2026-04-29 09:53:56 [http-nio-8080-exec-4] WARN  com.mdplatform.service.DockerService - Docker client not available, using mock execution
2026-04-29 09:53:56 [http-nio-8080-exec-4] WARN  com.mdplatform.service.DockerService - Docker client not available, using mock execution
2026-04-29 09:54:25 [http-nio-8080-exec-1] WARN  com.mdplatform.service.DockerService - Docker is not available. Using mock status.
2026-04-29 09:54:25 [http-nio-8080-exec-1] WARN  com.mdplatform.service.DockerService - Docker client not available, using mock execution
2026-04-29 09:54:25 [http-nio-8080-exec-1] WARN  com.mdplatform.service.DockerService - Docker client not available, using mock execution
2026-04-29 09:54:25 [http-nio-8080-exec-1] WARN  com.mdplatform.service.DockerService - Docker client not available, using mock execution
2026-04-29 09:54:55 [http-nio-8080-exec-8] WARN  com.mdplatform.service.DockerService - Docker is not available. Using mock status.
2026-04-29 09:54:55 [http-nio-8080-exec-8] WARN  com.mdplatform.service.DockerService - Docker client not available, using mock execution
2026-04-29 09:54:55 [http-nio-8080-exec-8] WARN  com.mdplatform.service.DockerService - Docker client not available, using mock execution
2026-04-29 09:54:55 [http-nio-8080-exec-8] WARN  com.mdplatform.service.DockerService - Docker client not available, using mock execution
2026-04-29 09:55:25 [http-nio-8080-exec-2] WARN  com.mdplatform.service.DockerService - Docker is not available. Using mock status.
2026-04-29 09:55:25 [http-nio-8080-exec-2] WARN  com.mdplatform.service.DockerService - Docker client not available, using mock execution
2026-04-29 09:55:25 [http-nio-8080-exec-2] WARN  com.mdplatform.service.DockerService - Docker client not available, using mock execution
2026-04-29 09:55:25 [http-nio-8080-exec-2] WARN  com.mdplatform.service.DockerService - Docker client not available, using mock execution
2026-04-29 09:55:56 [http-nio-8080-exec-4] WARN  com.mdplatform.service.DockerService - Docker is not available. Using mock status.
2026-04-29 09:55:56 [http-nio-8080-exec-4] WARN  com.mdplatform.service.DockerService - Docker client not available, using mock execution
2026-04-29 09:55:56 [http-nio-8080-exec-4] WARN  com.mdplatform.service.DockerService - Docker client not available, using mock execution
2026-04-29 09:55:56 [http-nio-8080-exec-4] WARN  com.mdplatform.service.DockerService - Docker client not available, using mock execution
2026-04-29 09:56:26 [http-nio-8080-exec-9] WARN  com.mdplatform.service.DockerService - Docker is not available. Using mock status.
2026-04-29 09:56:26 [http-nio-8080-exec-9] WARN  com.mdplatform.service.DockerService - Docker client not available, using mock execution
2026-04-29 09:56:26 [http-nio-8080-exec-9] WARN  com.mdplatform.service.DockerService - Docker client not available, using mock execution
2026-04-29 09:56:26 [http-nio-8080-exec-9] WARN  com.mdplatform.service.DockerService - Docker client not available, using mock execution
2026-04-29 09:57:05 [http-nio-8080-exec-1] WARN  com.mdplatform.service.DockerService - Docker is not available. Using mock status.
2026-04-29 09:57:05 [http-nio-8080-exec-1] WARN  com.mdplatform.service.DockerService - Docker client not available, using mock execution
2026-04-29 09:57:05 [http-nio-8080-exec-1] WARN  com.mdplatform.service.DockerService - Docker client not available, using mock execution
2026-04-29 09:57:05 [http-nio-8080-exec-1] WARN  com.mdplatform.service.DockerService - Docker client not available, using mock execution
2026-04-29 09:57:20 [http-nio-8080-exec-3] WARN  o.s.w.s.m.s.DefaultHandlerExceptionResolver - Resolved [org.springframework.web.multipart.support.MissingServletRequestPartException: Required request part 'file' is not present]
2026-04-29 09:57:25 [http-nio-8080-exec-5] WARN  com.mdplatform.service.DockerService - Docker is not available. Using mock status.
2026-04-29 09:57:25 [http-nio-8080-exec-5] WARN  com.mdplatform.service.DockerService - Docker client not available, using mock execution
2026-04-29 09:57:25 [http-nio-8080-exec-5] WARN  com.mdplatform.service.DockerService - Docker client not available, using mock execution
2026-04-29 09:57:25 [http-nio-8080-exec-5] WARN  com.mdplatform.service.DockerService - Docker client not available, using mock execution
2026-04-29 09:57:56 [http-nio-8080-exec-7] WARN  com.mdplatform.service.DockerService - Docker is not available. Using mock status.
2026-04-29 09:57:56 [http-nio-8080-exec-7] WARN  com.mdplatform.service.DockerService - Docker client not available, using mock execution
2026-04-29 09:57:56 [http-nio-8080-exec-7] WARN  com.mdplatform.service.DockerService - Docker client not available, using mock execution
2026-04-29 09:57:56 [http-nio-8080-exec-7] WARN  com.mdplatform.service.DockerService - Docker client not available, using mock execution
2026-04-29 09:58:26 [http-nio-8080-exec-10] WARN  com.mdplatform.service.DockerService - Docker is not available. Using mock status.
2026-04-29 09:58:26 [http-nio-8080-exec-10] WARN  com.mdplatform.service.DockerService - Docker client not available, using mock execution
2026-04-29 09:58:26 [http-nio-8080-exec-10] WARN  com.mdplatform.service.DockerService - Docker client not available, using mock execution
2026-04-29 09:58:26 [http-nio-8080-exec-10] WARN  com.mdplatform.service.DockerService - Docker client not available, using mock execution
2026-04-29 09:59:04 [http-nio-8080-exec-6] WARN  com.mdplatform.service.DockerService - Docker is not available. Using mock status.
2026-04-29 09:59:04 [http-nio-8080-exec-6] WARN  com.mdplatform.service.DockerService - Docker client not available, using mock execution
2026-04-29 09:59:04 [http-nio-8080-exec-6] WARN  com.mdplatform.service.DockerService - Docker client not available, using mock execution
2026-04-29 09:59:04 [http-nio-8080-exec-6] WARN  com.mdplatform.service.DockerService - Docker client not available, using mock execution
2026-04-29 09:59:05 [http-nio-8080-exec-3] WARN  com.mdplatform.service.DockerService - Docker is not available. Using mock status.
2026-04-29 09:59:05 [http-nio-8080-exec-3] WARN  com.mdplatform.service.DockerService - Docker client not available, using mock execution
2026-04-29 09:59:05 [http-nio-8080-exec-3] WARN  com.mdplatform.service.DockerService - Docker client not available, using mock execution
2026-04-29 09:59:05 [http-nio-8080-exec-3] WARN  com.mdplatform.service.DockerService - Docker client not available, using mock execution
2026-04-29 09:59:26 [http-nio-8080-exec-5] WARN  com.mdplatform.service.DockerService - Docker is not available. Using mock status.
2026-04-29 09:59:26 [http-nio-8080-exec-5] WARN  com.mdplatform.service.DockerService - Docker client not available, using mock execution
2026-04-29 09:59:26 [http-nio-8080-exec-5] WARN  com.mdplatform.service.DockerService - Docker client not available, using mock execution
2026-04-29 09:59:26 [http-nio-8080-exec-5] WARN  com.mdplatform.service.DockerService - Docker client not available, using mock execution
2026-04-29 09:59:53 [http-nio-8080-exec-7] WARN  com.mdplatform.service.DockerService - Docker is not available. Using mock status.
2026-04-29 09:59:53 [http-nio-8080-exec-7] WARN  com.mdplatform.service.DockerService - Docker client not available, using mock execution
2026-04-29 09:59:53 [http-nio-8080-exec-7] WARN  com.mdplatform.service.DockerService - Docker client not available, using mock execution
2026-04-29 09:59:53 [http-nio-8080-exec-7] WARN  com.mdplatform.service.DockerService - Docker client not available, using mock execution
2026-04-29 09:59:55 [http-nio-8080-exec-10] WARN  com.mdplatform.service.DockerService - Docker is not available. Using mock status.
2026-04-29 09:59:55 [http-nio-8080-exec-10] WARN  com.mdplatform.service.DockerService - Docker client not available, using mock execution
2026-04-29 09:59:55 [http-nio-8080-exec-10] WARN  com.mdplatform.service.DockerService - Docker client not available, using mock execution
2026-04-29 09:59:55 [http-nio-8080-exec-10] WARN  com.mdplatform.service.DockerService - Docker client not available, using mock execution
2026-04-29 10:00:13 [http-nio-8080-exec-1] WARN  o.s.w.s.m.s.DefaultHandlerExceptionResolver - Resolved [org.springframework.web.multipart.support.MissingServletRequestPartException: Required request part 'file' is not present]
2026-04-29 10:00:23 [http-nio-8080-exec-8] WARN  com.mdplatform.service.DockerService - Docker is not available. Using mock status.
2026-04-29 10:00:23 [http-nio-8080-exec-8] WARN  com.mdplatform.service.DockerService - Docker client not available, using mock execution
2026-04-29 10:00:23 [http-nio-8080-exec-8] WARN  com.mdplatform.service.DockerService - Docker client not available, using mock execution
2026-04-29 10:00:23 [http-nio-8080-exec-8] WARN  com.mdplatform.service.DockerService - Docker client not available, using mock execution
2026-04-29 10:00:25 [http-nio-8080-exec-2] WARN  com.mdplatform.service.DockerService - Docker is not available. Using mock status.
2026-04-29 10:00:25 [http-nio-8080-exec-2] WARN  com.mdplatform.service.DockerService - Docker client not available, using mock execution
2026-04-29 10:00:25 [http-nio-8080-exec-2] WARN  com.mdplatform.service.DockerService - Docker client not available, using mock execution
2026-04-29 10:00:25 [http-nio-8080-exec-2] WARN  com.mdplatform.service.DockerService - Docker client not available, using mock execution
2026-04-29 10:00:53 [http-nio-8080-exec-4] WARN  com.mdplatform.service.DockerService - Docker is not available. Using mock status.
2026-04-29 10:00:53 [http-nio-8080-exec-4] WARN  com.mdplatform.service.DockerService - Docker client not available, using mock execution
2026-04-29 10:00:53 [http-nio-8080-exec-4] WARN  com.mdplatform.service.DockerService - Docker client not available, using mock execution
2026-04-29 10:00:53 [http-nio-8080-exec-4] WARN  com.mdplatform.service.DockerService - Docker client not available, using mock execution
2026-04-29 10:00:56 [http-nio-8080-exec-6] WARN  com.mdplatform.service.DockerService - Docker is not available. Using mock status.
2026-04-29 10:00:56 [http-nio-8080-exec-6] WARN  com.mdplatform.service.DockerService - Docker client not available, using mock execution
2026-04-29 10:00:56 [http-nio-8080-exec-6] WARN  com.mdplatform.service.DockerService - Docker client not available, using mock execution
2026-04-29 10:00:56 [http-nio-8080-exec-6] WARN  com.mdplatform.service.DockerService - Docker client not available, using mock execution
2026-04-29 10:01:23 [http-nio-8080-exec-1] WARN  com.mdplatform.service.DockerService - Docker is not available. Using mock status.
2026-04-29 10:01:23 [http-nio-8080-exec-1] WARN  com.mdplatform.service.DockerService - Docker client not available, using mock execution
2026-04-29 10:01:23 [http-nio-8080-exec-1] WARN  com.mdplatform.service.DockerService - Docker client not available, using mock execution
2026-04-29 10:01:23 [http-nio-8080-exec-1] WARN  com.mdplatform.service.DockerService - Docker client not available, using mock execution
2026-04-29 10:01:25 [http-nio-8080-exec-3] WARN  com.mdplatform.service.DockerService - Docker is not available. Using mock status.
2026-04-29 10:01:25 [http-nio-8080-exec-3] WARN  com.mdplatform.service.DockerService - Docker client not available, using mock execution
2026-04-29 10:01:25 [http-nio-8080-exec-3] WARN  com.mdplatform.service.DockerService - Docker client not available, using mock execution
2026-04-29 10:01:25 [http-nio-8080-exec-3] WARN  com.mdplatform.service.DockerService - Docker client not available, using mock execution
2026-04-29 10:01:38 [http-nio-8080-exec-7] WARN  com.mdplatform.service.DockerService - Docker is not available. Using mock status.
2026-04-29 10:01:38 [http-nio-8080-exec-7] WARN  com.mdplatform.service.DockerService - Docker client not available, using mock execution
2026-04-29 10:01:38 [http-nio-8080-exec-7] WARN  com.mdplatform.service.DockerService - Docker client not available, using mock execution
2026-04-29 10:01:38 [http-nio-8080-exec-7] WARN  com.mdplatform.service.DockerService - Docker client not available, using mock execution
2026-04-29 10:01:38 [http-nio-8080-exec-10] WARN  com.mdplatform.service.DockerService - Docker is not available. Using mock status.
2026-04-29 10:01:38 [http-nio-8080-exec-10] WARN  com.mdplatform.service.DockerService - Docker client not available, using mock execution
2026-04-29 10:01:38 [http-nio-8080-exec-10] WARN  com.mdplatform.service.DockerService - Docker client not available, using mock execution
2026-04-29 10:01:38 [http-nio-8080-exec-10] WARN  com.mdplatform.service.DockerService - Docker client not available, using mock execution
2026-04-29 10:01:43 [http-nio-8080-exec-9] WARN  com.mdplatform.service.DockerService - Docker is not available. Using mock status.
2026-04-29 10:01:43 [http-nio-8080-exec-9] WARN  com.mdplatform.service.DockerService - Docker client not available, using mock execution
2026-04-29 10:01:43 [http-nio-8080-exec-9] WARN  com.mdplatform.service.DockerService - Docker client not available, using mock execution
2026-04-29 10:01:43 [http-nio-8080-exec-9] WARN  com.mdplatform.service.DockerService - Docker client not available, using mock execution
2026-04-29 10:01:53 [http-nio-8080-exec-3] WARN  com.mdplatform.service.DockerService - Docker is not available. Using mock status.
2026-04-29 10:01:53 [http-nio-8080-exec-3] WARN  com.mdplatform.service.DockerService - Docker client not available, using mock execution
2026-04-29 10:01:53 [http-nio-8080-exec-3] WARN  com.mdplatform.service.DockerService - Docker client not available, using mock execution
2026-04-29 10:01:53 [http-nio-8080-exec-3] WARN  com.mdplatform.service.DockerService - Docker client not available, using mock execution
2026-04-29 10:01:55 [http-nio-8080-exec-7] WARN  com.mdplatform.service.DockerService - Docker is not available. Using mock status.
2026-04-29 10:01:55 [http-nio-8080-exec-7] WARN  com.mdplatform.service.DockerService - Docker client not available, using mock execution
2026-04-29 10:01:55 [http-nio-8080-exec-7] WARN  com.mdplatform.service.DockerService - Docker client not available, using mock execution
2026-04-29 10:01:55 [http-nio-8080-exec-7] WARN  com.mdplatform.service.DockerService - Docker client not available, using mock execution
2026-04-29 10:02:08 [http-nio-8080-exec-10] WARN  com.mdplatform.service.DockerService - Docker is not available. Using mock status.
2026-04-29 10:02:08 [http-nio-8080-exec-10] WARN  com.mdplatform.service.DockerService - Docker client not available, using mock execution
2026-04-29 10:02:08 [http-nio-8080-exec-10] WARN  com.mdplatform.service.DockerService - Docker client not available, using mock execution
2026-04-29 10:02:08 [http-nio-8080-exec-10] WARN  com.mdplatform.service.DockerService - Docker client not available, using mock execution
2026-04-29 10:02:12 [http-nio-8080-exec-9] WARN  com.mdplatform.service.DockerService - Docker is not available. Using mock status.
2026-04-29 10:02:12 [http-nio-8080-exec-9] WARN  com.mdplatform.service.DockerService - Docker client not available, using mock execution
2026-04-29 10:02:12 [http-nio-8080-exec-9] WARN  com.mdplatform.service.DockerService - Docker client not available, using mock execution
2026-04-29 10:02:12 [http-nio-8080-exec-9] WARN  com.mdplatform.service.DockerService - Docker client not available, using mock execution
2026-04-29 10:02:23 [http-nio-8080-exec-8] WARN  com.mdplatform.service.DockerService - Docker is not available. Using mock status.
2026-04-29 10:02:23 [http-nio-8080-exec-8] WARN  com.mdplatform.service.DockerService - Docker client not available, using mock execution
2026-04-29 10:02:23 [http-nio-8080-exec-8] WARN  com.mdplatform.service.DockerService - Docker client not available, using mock execution
2026-04-29 10:02:23 [http-nio-8080-exec-8] WARN  com.mdplatform.service.DockerService - Docker client not available, using mock execution
2026-04-29 10:02:25 [http-nio-8080-exec-3] WARN  com.mdplatform.service.DockerService - Docker is not available. Using mock status.
2026-04-29 10:02:25 [http-nio-8080-exec-3] WARN  com.mdplatform.service.DockerService - Docker client not available, using mock execution
2026-04-29 10:02:25 [http-nio-8080-exec-3] WARN  com.mdplatform.service.DockerService - Docker client not available, using mock execution
2026-04-29 10:02:25 [http-nio-8080-exec-3] WARN  com.mdplatform.service.DockerService - Docker client not available, using mock execution
2026-04-29 10:02:38 [http-nio-8080-exec-7] WARN  com.mdplatform.service.DockerService - Docker is not available. Using mock status.
2026-04-29 10:02:38 [http-nio-8080-exec-7] WARN  com.mdplatform.service.DockerService - Docker client not available, using mock execution
2026-04-29 10:02:38 [http-nio-8080-exec-7] WARN  com.mdplatform.service.DockerService - Docker client not available, using mock execution
2026-04-29 10:02:38 [http-nio-8080-exec-7] WARN  com.mdplatform.service.DockerService - Docker client not available, using mock execution
2026-04-29 10:02:42 [http-nio-8080-exec-4] WARN  com.mdplatform.service.DockerService - Docker is not available. Using mock status.
2026-04-29 10:02:42 [http-nio-8080-exec-4] WARN  com.mdplatform.service.DockerService - Docker client not available, using mock execution
2026-04-29 10:02:42 [http-nio-8080-exec-4] WARN  com.mdplatform.service.DockerService - Docker client not available, using mock execution
2026-04-29 10:02:42 [http-nio-8080-exec-4] WARN  com.mdplatform.service.DockerService - Docker client not available, using mock execution
2026-04-29 10:02:53 [http-nio-8080-exec-9] WARN  com.mdplatform.service.DockerService - Docker is not available. Using mock status.
2026-04-29 10:02:53 [http-nio-8080-exec-9] WARN  com.mdplatform.service.DockerService - Docker client not available, using mock execution
2026-04-29 10:02:53 [http-nio-8080-exec-9] WARN  com.mdplatform.service.DockerService - Docker client not available, using mock execution
2026-04-29 10:02:53 [http-nio-8080-exec-9] WARN  com.mdplatform.service.DockerService - Docker client not available, using mock execution
2026-04-29 10:02:56 [http-nio-8080-exec-8] WARN  com.mdplatform.service.DockerService - Docker is not available. Using mock status.
2026-04-29 10:02:56 [http-nio-8080-exec-8] WARN  com.mdplatform.service.DockerService - Docker client not available, using mock execution
2026-04-29 10:02:56 [http-nio-8080-exec-8] WARN  com.mdplatform.service.DockerService - Docker client not available, using mock execution
2026-04-29 10:02:56 [http-nio-8080-exec-8] WARN  com.mdplatform.service.DockerService - Docker client not available, using mock execution
2026-04-29 10:03:08 [http-nio-8080-exec-3] WARN  com.mdplatform.service.DockerService - Docker is not available. Using mock status.
2026-04-29 10:03:08 [http-nio-8080-exec-3] WARN  com.mdplatform.service.DockerService - Docker client not available, using mock execution
2026-04-29 10:03:08 [http-nio-8080-exec-3] WARN  com.mdplatform.service.DockerService - Docker client not available, using mock execution
2026-04-29 10:03:08 [http-nio-8080-exec-3] WARN  com.mdplatform.service.DockerService - Docker client not available, using mock execution
2026-04-29 10:03:13 [http-nio-8080-exec-2] WARN  com.mdplatform.service.DockerService - Docker is not available. Using mock status.
2026-04-29 10:03:13 [http-nio-8080-exec-2] WARN  com.mdplatform.service.DockerService - Docker client not available, using mock execution
2026-04-29 10:03:13 [http-nio-8080-exec-2] WARN  com.mdplatform.service.DockerService - Docker client not available, using mock execution
2026-04-29 10:03:13 [http-nio-8080-exec-2] WARN  com.mdplatform.service.DockerService - Docker client not available, using mock execution
2026-04-29 10:03:23 [http-nio-8080-exec-10] WARN  com.mdplatform.service.DockerService - Docker is not available. Using mock status.
2026-04-29 10:03:23 [http-nio-8080-exec-10] WARN  com.mdplatform.service.DockerService - Docker client not available, using mock execution
2026-04-29 10:03:23 [http-nio-8080-exec-10] WARN  com.mdplatform.service.DockerService - Docker client not available, using mock execution
2026-04-29 10:03:23 [http-nio-8080-exec-10] WARN  com.mdplatform.service.DockerService - Docker client not available, using mock execution
2026-04-29 10:03:26 [http-nio-8080-exec-9] WARN  com.mdplatform.service.DockerService - Docker is not available. Using mock status.
2026-04-29 10:03:26 [http-nio-8080-exec-9] WARN  com.mdplatform.service.DockerService - Docker client not available, using mock execution
2026-04-29 10:03:26 [http-nio-8080-exec-9] WARN  com.mdplatform.service.DockerService - Docker client not available, using mock execution
2026-04-29 10:03:26 [http-nio-8080-exec-9] WARN  com.mdplatform.service.DockerService - Docker client not available, using mock execution
2026-04-29 10:03:38 [http-nio-8080-exec-8] WARN  com.mdplatform.service.DockerService - Docker is not available. Using mock status.
2026-04-29 10:03:38 [http-nio-8080-exec-8] WARN  com.mdplatform.service.DockerService - Docker client not available, using mock execution
2026-04-29 10:03:38 [http-nio-8080-exec-8] WARN  com.mdplatform.service.DockerService - Docker client not available, using mock execution
2026-04-29 10:03:38 [http-nio-8080-exec-8] WARN  com.mdplatform.service.DockerService - Docker client not available, using mock execution
2026-04-29 10:03:53 [http-nio-8080-exec-2] WARN  com.mdplatform.service.DockerService - Docker is not available. Using mock status.
2026-04-29 10:03:53 [http-nio-8080-exec-2] WARN  com.mdplatform.service.DockerService - Docker client not available, using mock execution
2026-04-29 10:03:53 [http-nio-8080-exec-2] WARN  com.mdplatform.service.DockerService - Docker client not available, using mock execution
2026-04-29 10:03:53 [http-nio-8080-exec-2] WARN  com.mdplatform.service.DockerService - Docker client not available, using mock execution
2026-04-29 10:03:55 [http-nio-8080-exec-4] WARN  com.mdplatform.service.DockerService - Docker is not available. Using mock status.
2026-04-29 10:03:55 [http-nio-8080-exec-4] WARN  com.mdplatform.service.DockerService - Docker client not available, using mock execution
2026-04-29 10:03:55 [http-nio-8080-exec-4] WARN  com.mdplatform.service.DockerService - Docker client not available, using mock execution
2026-04-29 10:03:55 [http-nio-8080-exec-4] WARN  com.mdplatform.service.DockerService - Docker client not available, using mock execution
2026-04-29 10:04:08 [http-nio-8080-exec-9] WARN  com.mdplatform.service.DockerService - Docker is not available. Using mock status.
2026-04-29 10:04:08 [http-nio-8080-exec-9] WARN  com.mdplatform.service.DockerService - Docker client not available, using mock execution
2026-04-29 10:04:08 [http-nio-8080-exec-9] WARN  com.mdplatform.service.DockerService - Docker client not available, using mock execution
2026-04-29 10:04:08 [http-nio-8080-exec-9] WARN  com.mdplatform.service.DockerService - Docker client not available, using mock execution
2026-04-29 10:04:23 [http-nio-8080-exec-8] WARN  com.mdplatform.service.DockerService - Docker is not available. Using mock status.
2026-04-29 10:04:23 [http-nio-8080-exec-8] WARN  com.mdplatform.service.DockerService - Docker client not available, using mock execution
2026-04-29 10:04:23 [http-nio-8080-exec-8] WARN  com.mdplatform.service.DockerService - Docker client not available, using mock execution
2026-04-29 10:04:23 [http-nio-8080-exec-8] WARN  com.mdplatform.service.DockerService - Docker client not available, using mock execution
2026-04-29 10:04:26 [http-nio-8080-exec-3] WARN  com.mdplatform.service.DockerService - Docker is not available. Using mock status.
2026-04-29 10:04:26 [http-nio-8080-exec-3] WARN  com.mdplatform.service.DockerService - Docker client not available, using mock execution
2026-04-29 10:04:26 [http-nio-8080-exec-3] WARN  com.mdplatform.service.DockerService - Docker client not available, using mock execution
2026-04-29 10:04:26 [http-nio-8080-exec-3] WARN  com.mdplatform.service.DockerService - Docker client not available, using mock execution
2026-04-29 10:04:38 [http-nio-8080-exec-2] WARN  com.mdplatform.service.DockerService - Docker is not available. Using mock status.
2026-04-29 10:04:38 [http-nio-8080-exec-2] WARN  com.mdplatform.service.DockerService - Docker client not available, using mock execution
2026-04-29 10:04:38 [http-nio-8080-exec-2] WARN  com.mdplatform.service.DockerService - Docker client not available, using mock execution
2026-04-29 10:04:38 [http-nio-8080-exec-2] WARN  com.mdplatform.service.DockerService - Docker client not available, using mock execution
2026-04-29 10:04:53 [http-nio-8080-exec-4] WARN  com.mdplatform.service.DockerService - Docker is not available. Using mock status.
2026-04-29 10:04:53 [http-nio-8080-exec-4] WARN  com.mdplatform.service.DockerService - Docker client not available, using mock execution
2026-04-29 10:04:53 [http-nio-8080-exec-4] WARN  com.mdplatform.service.DockerService - Docker client not available, using mock execution
2026-04-29 10:04:53 [http-nio-8080-exec-4] WARN  com.mdplatform.service.DockerService - Docker client not available, using mock execution
2026-04-29 10:04:56 [http-nio-8080-exec-9] WARN  com.mdplatform.service.DockerService - Docker is not available. Using mock status.
2026-04-29 10:04:56 [http-nio-8080-exec-9] WARN  com.mdplatform.service.DockerService - Docker client not available, using mock execution
2026-04-29 10:04:56 [http-nio-8080-exec-9] WARN  com.mdplatform.service.DockerService - Docker client not available, using mock execution
2026-04-29 10:04:56 [http-nio-8080-exec-9] WARN  com.mdplatform.service.DockerService - Docker client not available, using mock execution
2026-04-29 10:05:08 [http-nio-8080-exec-8] WARN  com.mdplatform.service.DockerService - Docker is not available. Using mock status.
2026-04-29 10:05:08 [http-nio-8080-exec-8] WARN  com.mdplatform.service.DockerService - Docker client not available, using mock execution
2026-04-29 10:05:08 [http-nio-8080-exec-8] WARN  com.mdplatform.service.DockerService - Docker client not available, using mock execution
2026-04-29 10:05:08 [http-nio-8080-exec-8] WARN  com.mdplatform.service.DockerService - Docker client not available, using mock execution
2026-04-29 10:05:23 [http-nio-8080-exec-3] WARN  com.mdplatform.service.DockerService - Docker is not available. Using mock status.
2026-04-29 10:05:23 [http-nio-8080-exec-3] WARN  com.mdplatform.service.DockerService - Docker client not available, using mock execution
2026-04-29 10:05:23 [http-nio-8080-exec-3] WARN  com.mdplatform.service.DockerService - Docker client not available, using mock execution
2026-04-29 10:05:23 [http-nio-8080-exec-3] WARN  com.mdplatform.service.DockerService - Docker client not available, using mock execution
2026-04-29 10:05:26 [http-nio-8080-exec-2] WARN  com.mdplatform.service.DockerService - Docker is not available. Using mock status.
2026-04-29 10:05:26 [http-nio-8080-exec-2] WARN  com.mdplatform.service.DockerService - Docker client not available, using mock execution
2026-04-29 10:05:26 [http-nio-8080-exec-2] WARN  com.mdplatform.service.DockerService - Docker client not available, using mock execution
2026-04-29 10:05:26 [http-nio-8080-exec-2] WARN  com.mdplatform.service.DockerService - Docker client not available, using mock execution
2026-04-29 10:05:38 [http-nio-8080-exec-4] WARN  com.mdplatform.service.DockerService - Docker is not available. Using mock status.
2026-04-29 10:05:38 [http-nio-8080-exec-4] WARN  com.mdplatform.service.DockerService - Docker client not available, using mock execution
2026-04-29 10:05:38 [http-nio-8080-exec-4] WARN  com.mdplatform.service.DockerService - Docker client not available, using mock execution
2026-04-29 10:05:38 [http-nio-8080-exec-4] WARN  com.mdplatform.service.DockerService - Docker client not available, using mock execution
2026-04-29 10:06:09 [http-nio-8080-exec-9] WARN  com.mdplatform.service.DockerService - Docker is not available. Using mock status.
2026-04-29 10:06:09 [http-nio-8080-exec-9] WARN  com.mdplatform.service.DockerService - Docker client not available, using mock execution
2026-04-29 10:06:09 [http-nio-8080-exec-9] WARN  com.mdplatform.service.DockerService - Docker client not available, using mock execution
2026-04-29 10:06:09 [http-nio-8080-exec-9] WARN  com.mdplatform.service.DockerService - Docker client not available, using mock execution
2026-04-29 10:06:09 [http-nio-8080-exec-8] WARN  com.mdplatform.service.DockerService - Docker is not available. Using mock status.
2026-04-29 10:06:09 [http-nio-8080-exec-8] WARN  com.mdplatform.service.DockerService - Docker client not available, using mock execution
2026-04-29 10:06:09 [http-nio-8080-exec-8] WARN  com.mdplatform.service.DockerService - Docker client not available, using mock execution
2026-04-29 10:06:09 [http-nio-8080-exec-8] WARN  com.mdplatform.service.DockerService - Docker client not available, using mock execution
2026-04-29 10:06:09 [http-nio-8080-exec-3] WARN  com.mdplatform.service.DockerService - Docker is not available. Using mock status.
2026-04-29 10:06:09 [http-nio-8080-exec-3] WARN  com.mdplatform.service.DockerService - Docker client not available, using mock execution
2026-04-29 10:06:09 [http-nio-8080-exec-3] WARN  com.mdplatform.service.DockerService - Docker client not available, using mock execution
2026-04-29 10:06:09 [http-nio-8080-exec-3] WARN  com.mdplatform.service.DockerService - Docker client not available, using mock execution
